Archive member included because of file (symbol)

c:/program files (x86)/atmel/atmel toolchain/avr8 gcc/native/3.4.1061/avr8-gnu-toolchain/bin/../lib/gcc/avr/4.8.1/avr5\libgcc.a(_udivmodsi4.o)
                              modbus/rtu/mbrtu.o (__udivmodsi4)
c:/program files (x86)/atmel/atmel toolchain/avr8 gcc/native/3.4.1061/avr8-gnu-toolchain/bin/../lib/gcc/avr/4.8.1/avr5\libgcc.a(_exit.o)
                              c:/program files (x86)/atmel/atmel toolchain/avr8 gcc/native/3.4.1061/avr8-gnu-toolchain/bin/../lib/gcc/avr/4.8.1/../../../../avr/lib/avr5/crtm168pa.o (exit)
c:/program files (x86)/atmel/atmel toolchain/avr8 gcc/native/3.4.1061/avr8-gnu-toolchain/bin/../lib/gcc/avr/4.8.1/avr5\libgcc.a(_copy_data.o)
                              libs/servo.o (__do_copy_data)
c:/program files (x86)/atmel/atmel toolchain/avr8 gcc/native/3.4.1061/avr8-gnu-toolchain/bin/../lib/gcc/avr/4.8.1/avr5\libgcc.a(_clear_bss.o)
                              libs/relay.o (__do_clear_bss)
c:/program files (x86)/atmel/atmel toolchain/avr8 gcc/native/3.4.1061/avr8-gnu-toolchain/bin/../lib/gcc/avr/4.8.1/avr5\libgcc.a(_umulhisi3.o)
                              libs/timer.o (__umulhisi3)
c:/program files (x86)/atmel/atmel toolchain/avr8 gcc/native/3.4.1061/avr8-gnu-toolchain/bin/../lib/gcc/avr/4.8.1/../../../../avr/lib/avr5\libc.a(memcpy.o)
                              modbus/functions/mbfuncother.o (memcpy)
c:/program files (x86)/atmel/atmel toolchain/avr8 gcc/native/3.4.1061/avr8-gnu-toolchain/bin/../lib/gcc/avr/4.8.1/../../../../avr/lib/avr5\libc.a(eerd_byte_atmega168pa.o)
                              weiming_ctl3.o (__eerd_byte_m168pa)
c:/program files (x86)/atmel/atmel toolchain/avr8 gcc/native/3.4.1061/avr8-gnu-toolchain/bin/../lib/gcc/avr/4.8.1/../../../../avr/lib/avr5\libc.a(eerd_word_atmega168pa.o)
                              weiming_ctl3.o (__eerd_word_m168pa)
c:/program files (x86)/atmel/atmel toolchain/avr8 gcc/native/3.4.1061/avr8-gnu-toolchain/bin/../lib/gcc/avr/4.8.1/../../../../avr/lib/avr5\libc.a(eewr_word_atmega168pa.o)
                              libs/vdrop.o (__eewr_word_m168pa)
c:/program files (x86)/atmel/atmel toolchain/avr8 gcc/native/3.4.1061/avr8-gnu-toolchain/bin/../lib/gcc/avr/4.8.1/../../../../avr/lib/avr5\libc.a(eerd_block_atmega168pa.o)
                              c:/program files (x86)/atmel/atmel toolchain/avr8 gcc/native/3.4.1061/avr8-gnu-toolchain/bin/../lib/gcc/avr/4.8.1/../../../../avr/lib/avr5\libc.a(eerd_word_atmega168pa.o) (__eerd_blraw_m168pa)
c:/program files (x86)/atmel/atmel toolchain/avr8 gcc/native/3.4.1061/avr8-gnu-toolchain/bin/../lib/gcc/avr/4.8.1/../../../../avr/lib/avr5\libc.a(eewr_byte_atmega168pa.o)
                              c:/program files (x86)/atmel/atmel toolchain/avr8 gcc/native/3.4.1061/avr8-gnu-toolchain/bin/../lib/gcc/avr/4.8.1/../../../../avr/lib/avr5\libc.a(eewr_word_atmega168pa.o) (__eewr_byte_m168pa)

Allocating common symbols
Common symbol       size              file

pxMBFrameCBTransmitterEmpty
                    0x2               modbus/mb.o
ServoPositionBuffer
                    0x2               libs/servo.o
CountDownTimers     0x4               libs/timer.o
pxMBPortCBTimerExpired
                    0x2               modbus/mb.o
ucRTUBuf            0x100             modbus/rtu/mbrtu.o
pxMBFrameCBByteReceived
                    0x2               modbus/mb.o
pxMBFrameCBTransmitFSMCur
                    0x2               modbus/mb.o
ucHoldingBuf        0x40              weiming_ctl3.o
EventList           0x18              libs/timer.o
pxMBFrameCBReceiveFSMCur
                    0x2               modbus/mb.o
ucRegCoilsBuf       0x10              weiming_ctl3.o

Discarded input sections

 .data          0x00000000        0x0 c:/program files (x86)/atmel/atmel toolchain/avr8 gcc/native/3.4.1061/avr8-gnu-toolchain/bin/../lib/gcc/avr/4.8.1/../../../../avr/lib/avr5/crtm168pa.o
 .bss           0x00000000        0x0 c:/program files (x86)/atmel/atmel toolchain/avr8 gcc/native/3.4.1061/avr8-gnu-toolchain/bin/../lib/gcc/avr/4.8.1/../../../../avr/lib/avr5/crtm168pa.o
 .text          0x00000000        0x0 libs/relay.o
 .data          0x00000000        0x0 libs/relay.o
 .bss           0x00000000        0x0 libs/relay.o
 .text          0x00000000        0x0 libs/servo.o
 .data          0x00000000        0x0 libs/servo.o
 .bss           0x00000000        0x0 libs/servo.o
 .text.Servo_Disable
                0x00000000        0x4 libs/servo.o
 .text.Servo_GetPosition
                0x00000000        0xa libs/servo.o
 .text          0x00000000        0x0 libs/timer.o
 .data          0x00000000        0x0 libs/timer.o
 .bss           0x00000000        0x0 libs/timer.o
 .text.Timer0_AllocateCountdownTimer
                0x00000000       0x4c libs/timer.o
 .text.Timer0_GetCountdownTimer
                0x00000000       0x10 libs/timer.o
 .text.Timer0_SetCountdownTimer
                0x00000000       0x1a libs/timer.o
 .text.Timer0_ReleaseCountdownTimer
                0x00000000       0x12 libs/timer.o
 .text          0x00000000        0x0 libs/vdrop.o
 .data          0x00000000        0x0 libs/vdrop.o
 .bss           0x00000000        0x0 libs/vdrop.o
 .text          0x00000000        0x0 modbus/ascii/mbascii.o
 .data          0x00000000        0x0 modbus/ascii/mbascii.o
 .bss           0x00000000        0x0 modbus/ascii/mbascii.o
 .debug_info    0x00000000       0x6b modbus/ascii/mbascii.o
 .debug_abbrev  0x00000000       0x26 modbus/ascii/mbascii.o
 .debug_aranges
                0x00000000       0x18 modbus/ascii/mbascii.o
 .debug_line    0x00000000       0x1a modbus/ascii/mbascii.o
 .debug_str     0x00000000      0x187 modbus/ascii/mbascii.o
 .comment       0x00000000       0x31 modbus/ascii/mbascii.o
 .text          0x00000000        0x0 modbus/functions/mbfunccoils.o
 .data          0x00000000        0x0 modbus/functions/mbfunccoils.o
 .bss           0x00000000        0x0 modbus/functions/mbfunccoils.o
 .text          0x00000000        0x0 modbus/functions/mbfuncdiag.o
 .data          0x00000000        0x0 modbus/functions/mbfuncdiag.o
 .bss           0x00000000        0x0 modbus/functions/mbfuncdiag.o
 .debug_line    0x00000000        0x0 modbus/functions/mbfuncdiag.o
 .debug_str     0x00000000        0x0 modbus/functions/mbfuncdiag.o
 .comment       0x00000000       0x31 modbus/functions/mbfuncdiag.o
 .text          0x00000000        0x0 modbus/functions/mbfuncdisc.o
 .data          0x00000000        0x0 modbus/functions/mbfuncdisc.o
 .bss           0x00000000        0x0 modbus/functions/mbfuncdisc.o
 .text.eMBFuncReadDiscreteInputs
                0x00000000       0xce modbus/functions/mbfuncdisc.o
 .debug_info    0x00000000      0x220 modbus/functions/mbfuncdisc.o
 .debug_abbrev  0x00000000       0xe5 modbus/functions/mbfuncdisc.o
 .debug_loc     0x00000000      0x23e modbus/functions/mbfuncdisc.o
 .debug_aranges
                0x00000000       0x20 modbus/functions/mbfuncdisc.o
 .debug_ranges  0x00000000       0x10 modbus/functions/mbfuncdisc.o
 .debug_line    0x00000000       0xae modbus/functions/mbfuncdisc.o
 .debug_str     0x00000000      0x37e modbus/functions/mbfuncdisc.o
 .comment       0x00000000       0x31 modbus/functions/mbfuncdisc.o
 .debug_frame   0x00000000       0x34 modbus/functions/mbfuncdisc.o
 .text          0x00000000        0x0 modbus/functions/mbfuncholding.o
 .data          0x00000000        0x0 modbus/functions/mbfuncholding.o
 .bss           0x00000000        0x0 modbus/functions/mbfuncholding.o
 .text          0x00000000        0x0 modbus/functions/mbfuncinput.o
 .data          0x00000000        0x0 modbus/functions/mbfuncinput.o
 .bss           0x00000000        0x0 modbus/functions/mbfuncinput.o
 .debug_info    0x00000000       0x6b modbus/functions/mbfuncinput.o
 .debug_abbrev  0x00000000       0x26 modbus/functions/mbfuncinput.o
 .debug_aranges
                0x00000000       0x18 modbus/functions/mbfuncinput.o
 .debug_line    0x00000000       0x1a modbus/functions/mbfuncinput.o
 .debug_str     0x00000000      0x18f modbus/functions/mbfuncinput.o
 .comment       0x00000000       0x31 modbus/functions/mbfuncinput.o
 .text          0x00000000        0x0 modbus/functions/mbfuncother.o
 .data          0x00000000        0x0 modbus/functions/mbfuncother.o
 .bss           0x00000000        0x0 modbus/functions/mbfuncother.o
 .text.eMBSetSlaveID
                0x00000000       0x58 modbus/functions/mbfuncother.o
 .text          0x00000000        0x0 modbus/functions/mbutils.o
 .data          0x00000000        0x0 modbus/functions/mbutils.o
 .bss           0x00000000        0x0 modbus/functions/mbutils.o
 .text          0x00000000        0x0 modbus/mb.o
 .data          0x00000000        0x0 modbus/mb.o
 .bss           0x00000000        0x0 modbus/mb.o
 .text.eMBRegisterCB
                0x00000000       0xca modbus/mb.o
 .text.eMBClose
                0x00000000       0x22 modbus/mb.o
 .text.eMBDisable
                0x00000000       0x28 modbus/mb.o
 .text          0x00000000        0x0 modbus/rtu/mbcrc.o
 .data          0x00000000        0x0 modbus/rtu/mbcrc.o
 .bss           0x00000000        0x0 modbus/rtu/mbcrc.o
 .text          0x00000000        0x0 modbus/rtu/mbrtu.o
 .data          0x00000000        0x0 modbus/rtu/mbrtu.o
 .bss           0x00000000        0x0 modbus/rtu/mbrtu.o
 .text          0x00000000        0x0 modbus/tcp/mbtcp.o
 .data          0x00000000        0x0 modbus/tcp/mbtcp.o
 .bss           0x00000000        0x0 modbus/tcp/mbtcp.o
 .debug_info    0x00000000       0x6b modbus/tcp/mbtcp.o
 .debug_abbrev  0x00000000       0x26 modbus/tcp/mbtcp.o
 .debug_aranges
                0x00000000       0x18 modbus/tcp/mbtcp.o
 .debug_line    0x00000000       0x1a modbus/tcp/mbtcp.o
 .debug_str     0x00000000      0x183 modbus/tcp/mbtcp.o
 .comment       0x00000000       0x31 modbus/tcp/mbtcp.o
 .text          0x00000000        0x0 port/mbcrc.o
 .data          0x00000000        0x0 port/mbcrc.o
 .bss           0x00000000        0x0 port/mbcrc.o
 .text.usMBCRC16
                0x00000000       0x3c port/mbcrc.o
 .progmem.data.aucCRCLo
                0x00000000      0x100 port/mbcrc.o
 .progmem.data.aucCRCHi
                0x00000000      0x100 port/mbcrc.o
 .debug_info    0x00000000      0x1aa port/mbcrc.o
 .debug_abbrev  0x00000000       0xb8 port/mbcrc.o
 .debug_loc     0x00000000      0x1f2 port/mbcrc.o
 .debug_aranges
                0x00000000       0x20 port/mbcrc.o
 .debug_ranges  0x00000000       0x10 port/mbcrc.o
 .debug_line    0x00000000       0xc5 port/mbcrc.o
 .debug_str     0x00000000      0x1f8 port/mbcrc.o
 .comment       0x00000000       0x31 port/mbcrc.o
 .debug_frame   0x00000000       0x24 port/mbcrc.o
 .text          0x00000000        0x0 port/portevent.o
 .data          0x00000000        0x0 port/portevent.o
 .bss           0x00000000        0x0 port/portevent.o
 .text          0x00000000        0x0 port/portserial.o
 .data          0x00000000        0x0 port/portserial.o
 .bss           0x00000000        0x0 port/portserial.o
 .text          0x00000000        0x0 port/porttimer.o
 .data          0x00000000        0x0 port/porttimer.o
 .bss           0x00000000        0x0 port/porttimer.o
 .text          0x00000000        0x0 weiming_ctl3.o
 .data          0x00000000        0x0 weiming_ctl3.o
 .bss           0x00000000        0x0 weiming_ctl3.o
 .text.eMBRegDiscreteCB
                0x00000000        0x4 weiming_ctl3.o
 .text.eMBRegInputCB
                0x00000000        0x4 weiming_ctl3.o
 .text          0x00000000        0x0 c:/program files (x86)/atmel/atmel toolchain/avr8 gcc/native/3.4.1061/avr8-gnu-toolchain/bin/../lib/gcc/avr/4.8.1/avr5\libgcc.a(_udivmodsi4.o)
 .data          0x00000000        0x0 c:/program files (x86)/atmel/atmel toolchain/avr8 gcc/native/3.4.1061/avr8-gnu-toolchain/bin/../lib/gcc/avr/4.8.1/avr5\libgcc.a(_udivmodsi4.o)
 .bss           0x00000000        0x0 c:/program files (x86)/atmel/atmel toolchain/avr8 gcc/native/3.4.1061/avr8-gnu-toolchain/bin/../lib/gcc/avr/4.8.1/avr5\libgcc.a(_udivmodsi4.o)
 .text.libgcc.mul
                0x00000000        0x0 c:/program files (x86)/atmel/atmel toolchain/avr8 gcc/native/3.4.1061/avr8-gnu-toolchain/bin/../lib/gcc/avr/4.8.1/avr5\libgcc.a(_udivmodsi4.o)
 .text.libgcc   0x00000000        0x0 c:/program files (x86)/atmel/atmel toolchain/avr8 gcc/native/3.4.1061/avr8-gnu-toolchain/bin/../lib/gcc/avr/4.8.1/avr5\libgcc.a(_udivmodsi4.o)
 .text.libgcc.prologue
                0x00000000        0x0 c:/program files (x86)/atmel/atmel toolchain/avr8 gcc/native/3.4.1061/avr8-gnu-toolchain/bin/../lib/gcc/avr/4.8.1/avr5\libgcc.a(_udivmodsi4.o)
 .text.libgcc.builtins
                0x00000000        0x0 c:/program files (x86)/atmel/atmel toolchain/avr8 gcc/native/3.4.1061/avr8-gnu-toolchain/bin/../lib/gcc/avr/4.8.1/avr5\libgcc.a(_udivmodsi4.o)
 .text.libgcc.fmul
                0x00000000        0x0 c:/program files (x86)/atmel/atmel toolchain/avr8 gcc/native/3.4.1061/avr8-gnu-toolchain/bin/../lib/gcc/avr/4.8.1/avr5\libgcc.a(_udivmodsi4.o)
 .text.libgcc.fixed
                0x00000000        0x0 c:/program files (x86)/atmel/atmel toolchain/avr8 gcc/native/3.4.1061/avr8-gnu-toolchain/bin/../lib/gcc/avr/4.8.1/avr5\libgcc.a(_udivmodsi4.o)
 .text          0x00000000        0x0 c:/program files (x86)/atmel/atmel toolchain/avr8 gcc/native/3.4.1061/avr8-gnu-toolchain/bin/../lib/gcc/avr/4.8.1/avr5\libgcc.a(_exit.o)
 .data          0x00000000        0x0 c:/program files (x86)/atmel/atmel toolchain/avr8 gcc/native/3.4.1061/avr8-gnu-toolchain/bin/../lib/gcc/avr/4.8.1/avr5\libgcc.a(_exit.o)
 .bss           0x00000000        0x0 c:/program files (x86)/atmel/atmel toolchain/avr8 gcc/native/3.4.1061/avr8-gnu-toolchain/bin/../lib/gcc/avr/4.8.1/avr5\libgcc.a(_exit.o)
 .text.libgcc.mul
                0x00000000        0x0 c:/program files (x86)/atmel/atmel toolchain/avr8 gcc/native/3.4.1061/avr8-gnu-toolchain/bin/../lib/gcc/avr/4.8.1/avr5\libgcc.a(_exit.o)
 .text.libgcc.div
                0x00000000        0x0 c:/program files (x86)/atmel/atmel toolchain/avr8 gcc/native/3.4.1061/avr8-gnu-toolchain/bin/../lib/gcc/avr/4.8.1/avr5\libgcc.a(_exit.o)
 .text.libgcc   0x00000000        0x0 c:/program files (x86)/atmel/atmel toolchain/avr8 gcc/native/3.4.1061/avr8-gnu-toolchain/bin/../lib/gcc/avr/4.8.1/avr5\libgcc.a(_exit.o)
 .text.libgcc.prologue
                0x00000000        0x0 c:/program files (x86)/atmel/atmel toolchain/avr8 gcc/native/3.4.1061/avr8-gnu-toolchain/bin/../lib/gcc/avr/4.8.1/avr5\libgcc.a(_exit.o)
 .text.libgcc.builtins
                0x00000000        0x0 c:/program files (x86)/atmel/atmel toolchain/avr8 gcc/native/3.4.1061/avr8-gnu-toolchain/bin/../lib/gcc/avr/4.8.1/avr5\libgcc.a(_exit.o)
 .text.libgcc.fmul
                0x00000000        0x0 c:/program files (x86)/atmel/atmel toolchain/avr8 gcc/native/3.4.1061/avr8-gnu-toolchain/bin/../lib/gcc/avr/4.8.1/avr5\libgcc.a(_exit.o)
 .text.libgcc.fixed
                0x00000000        0x0 c:/program files (x86)/atmel/atmel toolchain/avr8 gcc/native/3.4.1061/avr8-gnu-toolchain/bin/../lib/gcc/avr/4.8.1/avr5\libgcc.a(_exit.o)
 .text          0x00000000        0x0 c:/program files (x86)/atmel/atmel toolchain/avr8 gcc/native/3.4.1061/avr8-gnu-toolchain/bin/../lib/gcc/avr/4.8.1/avr5\libgcc.a(_copy_data.o)
 .data          0x00000000        0x0 c:/program files (x86)/atmel/atmel toolchain/avr8 gcc/native/3.4.1061/avr8-gnu-toolchain/bin/../lib/gcc/avr/4.8.1/avr5\libgcc.a(_copy_data.o)
 .bss           0x00000000        0x0 c:/program files (x86)/atmel/atmel toolchain/avr8 gcc/native/3.4.1061/avr8-gnu-toolchain/bin/../lib/gcc/avr/4.8.1/avr5\libgcc.a(_copy_data.o)
 .text.libgcc.mul
                0x00000000        0x0 c:/program files (x86)/atmel/atmel toolchain/avr8 gcc/native/3.4.1061/avr8-gnu-toolchain/bin/../lib/gcc/avr/4.8.1/avr5\libgcc.a(_copy_data.o)
 .text.libgcc.div
                0x00000000        0x0 c:/program files (x86)/atmel/atmel toolchain/avr8 gcc/native/3.4.1061/avr8-gnu-toolchain/bin/../lib/gcc/avr/4.8.1/avr5\libgcc.a(_copy_data.o)
 .text.libgcc   0x00000000        0x0 c:/program files (x86)/atmel/atmel toolchain/avr8 gcc/native/3.4.1061/avr8-gnu-toolchain/bin/../lib/gcc/avr/4.8.1/avr5\libgcc.a(_copy_data.o)
 .text.libgcc.prologue
                0x00000000        0x0 c:/program files (x86)/atmel/atmel toolchain/avr8 gcc/native/3.4.1061/avr8-gnu-toolchain/bin/../lib/gcc/avr/4.8.1/avr5\libgcc.a(_copy_data.o)
 .text.libgcc.builtins
                0x00000000        0x0 c:/program files (x86)/atmel/atmel toolchain/avr8 gcc/native/3.4.1061/avr8-gnu-toolchain/bin/../lib/gcc/avr/4.8.1/avr5\libgcc.a(_copy_data.o)
 .text.libgcc.fmul
                0x00000000        0x0 c:/program files (x86)/atmel/atmel toolchain/avr8 gcc/native/3.4.1061/avr8-gnu-toolchain/bin/../lib/gcc/avr/4.8.1/avr5\libgcc.a(_copy_data.o)
 .text.libgcc.fixed
                0x00000000        0x0 c:/program files (x86)/atmel/atmel toolchain/avr8 gcc/native/3.4.1061/avr8-gnu-toolchain/bin/../lib/gcc/avr/4.8.1/avr5\libgcc.a(_copy_data.o)
 .text          0x00000000        0x0 c:/program files (x86)/atmel/atmel toolchain/avr8 gcc/native/3.4.1061/avr8-gnu-toolchain/bin/../lib/gcc/avr/4.8.1/avr5\libgcc.a(_clear_bss.o)
 .data          0x00000000        0x0 c:/program files (x86)/atmel/atmel toolchain/avr8 gcc/native/3.4.1061/avr8-gnu-toolchain/bin/../lib/gcc/avr/4.8.1/avr5\libgcc.a(_clear_bss.o)
 .bss           0x00000000        0x0 c:/program files (x86)/atmel/atmel toolchain/avr8 gcc/native/3.4.1061/avr8-gnu-toolchain/bin/../lib/gcc/avr/4.8.1/avr5\libgcc.a(_clear_bss.o)
 .text.libgcc.mul
                0x00000000        0x0 c:/program files (x86)/atmel/atmel toolchain/avr8 gcc/native/3.4.1061/avr8-gnu-toolchain/bin/../lib/gcc/avr/4.8.1/avr5\libgcc.a(_clear_bss.o)
 .text.libgcc.div
                0x00000000        0x0 c:/program files (x86)/atmel/atmel toolchain/avr8 gcc/native/3.4.1061/avr8-gnu-toolchain/bin/../lib/gcc/avr/4.8.1/avr5\libgcc.a(_clear_bss.o)
 .text.libgcc   0x00000000        0x0 c:/program files (x86)/atmel/atmel toolchain/avr8 gcc/native/3.4.1061/avr8-gnu-toolchain/bin/../lib/gcc/avr/4.8.1/avr5\libgcc.a(_clear_bss.o)
 .text.libgcc.prologue
                0x00000000        0x0 c:/program files (x86)/atmel/atmel toolchain/avr8 gcc/native/3.4.1061/avr8-gnu-toolchain/bin/../lib/gcc/avr/4.8.1/avr5\libgcc.a(_clear_bss.o)
 .text.libgcc.builtins
                0x00000000        0x0 c:/program files (x86)/atmel/atmel toolchain/avr8 gcc/native/3.4.1061/avr8-gnu-toolchain/bin/../lib/gcc/avr/4.8.1/avr5\libgcc.a(_clear_bss.o)
 .text.libgcc.fmul
                0x00000000        0x0 c:/program files (x86)/atmel/atmel toolchain/avr8 gcc/native/3.4.1061/avr8-gnu-toolchain/bin/../lib/gcc/avr/4.8.1/avr5\libgcc.a(_clear_bss.o)
 .text.libgcc.fixed
                0x00000000        0x0 c:/program files (x86)/atmel/atmel toolchain/avr8 gcc/native/3.4.1061/avr8-gnu-toolchain/bin/../lib/gcc/avr/4.8.1/avr5\libgcc.a(_clear_bss.o)
 .text          0x00000000        0x0 c:/program files (x86)/atmel/atmel toolchain/avr8 gcc/native/3.4.1061/avr8-gnu-toolchain/bin/../lib/gcc/avr/4.8.1/avr5\libgcc.a(_umulhisi3.o)
 .data          0x00000000        0x0 c:/program files (x86)/atmel/atmel toolchain/avr8 gcc/native/3.4.1061/avr8-gnu-toolchain/bin/../lib/gcc/avr/4.8.1/avr5\libgcc.a(_umulhisi3.o)
 .bss           0x00000000        0x0 c:/program files (x86)/atmel/atmel toolchain/avr8 gcc/native/3.4.1061/avr8-gnu-toolchain/bin/../lib/gcc/avr/4.8.1/avr5\libgcc.a(_umulhisi3.o)
 .text.libgcc.div
                0x00000000        0x0 c:/program files (x86)/atmel/atmel toolchain/avr8 gcc/native/3.4.1061/avr8-gnu-toolchain/bin/../lib/gcc/avr/4.8.1/avr5\libgcc.a(_umulhisi3.o)
 .text.libgcc   0x00000000        0x0 c:/program files (x86)/atmel/atmel toolchain/avr8 gcc/native/3.4.1061/avr8-gnu-toolchain/bin/../lib/gcc/avr/4.8.1/avr5\libgcc.a(_umulhisi3.o)
 .text.libgcc.prologue
                0x00000000        0x0 c:/program files (x86)/atmel/atmel toolchain/avr8 gcc/native/3.4.1061/avr8-gnu-toolchain/bin/../lib/gcc/avr/4.8.1/avr5\libgcc.a(_umulhisi3.o)
 .text.libgcc.builtins
                0x00000000        0x0 c:/program files (x86)/atmel/atmel toolchain/avr8 gcc/native/3.4.1061/avr8-gnu-toolchain/bin/../lib/gcc/avr/4.8.1/avr5\libgcc.a(_umulhisi3.o)
 .text.libgcc.fmul
                0x00000000        0x0 c:/program files (x86)/atmel/atmel toolchain/avr8 gcc/native/3.4.1061/avr8-gnu-toolchain/bin/../lib/gcc/avr/4.8.1/avr5\libgcc.a(_umulhisi3.o)
 .text.libgcc.fixed
                0x00000000        0x0 c:/program files (x86)/atmel/atmel toolchain/avr8 gcc/native/3.4.1061/avr8-gnu-toolchain/bin/../lib/gcc/avr/4.8.1/avr5\libgcc.a(_umulhisi3.o)
 .text          0x00000000        0x0 c:/program files (x86)/atmel/atmel toolchain/avr8 gcc/native/3.4.1061/avr8-gnu-toolchain/bin/../lib/gcc/avr/4.8.1/../../../../avr/lib/avr5\libc.a(memcpy.o)
 .data          0x00000000        0x0 c:/program files (x86)/atmel/atmel toolchain/avr8 gcc/native/3.4.1061/avr8-gnu-toolchain/bin/../lib/gcc/avr/4.8.1/../../../../avr/lib/avr5\libc.a(memcpy.o)
 .bss           0x00000000        0x0 c:/program files (x86)/atmel/atmel toolchain/avr8 gcc/native/3.4.1061/avr8-gnu-toolchain/bin/../lib/gcc/avr/4.8.1/../../../../avr/lib/avr5\libc.a(memcpy.o)
 .text          0x00000000        0x0 c:/program files (x86)/atmel/atmel toolchain/avr8 gcc/native/3.4.1061/avr8-gnu-toolchain/bin/../lib/gcc/avr/4.8.1/../../../../avr/lib/avr5\libc.a(eerd_byte_atmega168pa.o)
 .data          0x00000000        0x0 c:/program files (x86)/atmel/atmel toolchain/avr8 gcc/native/3.4.1061/avr8-gnu-toolchain/bin/../lib/gcc/avr/4.8.1/../../../../avr/lib/avr5\libc.a(eerd_byte_atmega168pa.o)
 .bss           0x00000000        0x0 c:/program files (x86)/atmel/atmel toolchain/avr8 gcc/native/3.4.1061/avr8-gnu-toolchain/bin/../lib/gcc/avr/4.8.1/../../../../avr/lib/avr5\libc.a(eerd_byte_atmega168pa.o)
 .text          0x00000000        0x0 c:/program files (x86)/atmel/atmel toolchain/avr8 gcc/native/3.4.1061/avr8-gnu-toolchain/bin/../lib/gcc/avr/4.8.1/../../../../avr/lib/avr5\libc.a(eerd_word_atmega168pa.o)
 .data          0x00000000        0x0 c:/program files (x86)/atmel/atmel toolchain/avr8 gcc/native/3.4.1061/avr8-gnu-toolchain/bin/../lib/gcc/avr/4.8.1/../../../../avr/lib/avr5\libc.a(eerd_word_atmega168pa.o)
 .bss           0x00000000        0x0 c:/program files (x86)/atmel/atmel toolchain/avr8 gcc/native/3.4.1061/avr8-gnu-toolchain/bin/../lib/gcc/avr/4.8.1/../../../../avr/lib/avr5\libc.a(eerd_word_atmega168pa.o)
 .text          0x00000000        0x0 c:/program files (x86)/atmel/atmel toolchain/avr8 gcc/native/3.4.1061/avr8-gnu-toolchain/bin/../lib/gcc/avr/4.8.1/../../../../avr/lib/avr5\libc.a(eewr_word_atmega168pa.o)
 .data          0x00000000        0x0 c:/program files (x86)/atmel/atmel toolchain/avr8 gcc/native/3.4.1061/avr8-gnu-toolchain/bin/../lib/gcc/avr/4.8.1/../../../../avr/lib/avr5\libc.a(eewr_word_atmega168pa.o)
 .bss           0x00000000        0x0 c:/program files (x86)/atmel/atmel toolchain/avr8 gcc/native/3.4.1061/avr8-gnu-toolchain/bin/../lib/gcc/avr/4.8.1/../../../../avr/lib/avr5\libc.a(eewr_word_atmega168pa.o)
 .text          0x00000000        0x0 c:/program files (x86)/atmel/atmel toolchain/avr8 gcc/native/3.4.1061/avr8-gnu-toolchain/bin/../lib/gcc/avr/4.8.1/../../../../avr/lib/avr5\libc.a(eerd_block_atmega168pa.o)
 .data          0x00000000        0x0 c:/program files (x86)/atmel/atmel toolchain/avr8 gcc/native/3.4.1061/avr8-gnu-toolchain/bin/../lib/gcc/avr/4.8.1/../../../../avr/lib/avr5\libc.a(eerd_block_atmega168pa.o)
 .bss           0x00000000        0x0 c:/program files (x86)/atmel/atmel toolchain/avr8 gcc/native/3.4.1061/avr8-gnu-toolchain/bin/../lib/gcc/avr/4.8.1/../../../../avr/lib/avr5\libc.a(eerd_block_atmega168pa.o)
 .text          0x00000000        0x0 c:/program files (x86)/atmel/atmel toolchain/avr8 gcc/native/3.4.1061/avr8-gnu-toolchain/bin/../lib/gcc/avr/4.8.1/../../../../avr/lib/avr5\libc.a(eewr_byte_atmega168pa.o)
 .data          0x00000000        0x0 c:/program files (x86)/atmel/atmel toolchain/avr8 gcc/native/3.4.1061/avr8-gnu-toolchain/bin/../lib/gcc/avr/4.8.1/../../../../avr/lib/avr5\libc.a(eewr_byte_atmega168pa.o)
 .bss           0x00000000        0x0 c:/program files (x86)/atmel/atmel toolchain/avr8 gcc/native/3.4.1061/avr8-gnu-toolchain/bin/../lib/gcc/avr/4.8.1/../../../../avr/lib/avr5\libc.a(eewr_byte_atmega168pa.o)

Memory Configuration

Name             Origin             Length             Attributes
text             0x00000000         0x00020000         xr
data             0x00800060         0x0000ffa0         rw !x
eeprom           0x00810000         0x00010000         rw !x
fuse             0x00820000         0x00000400         rw !x
lock             0x00830000         0x00000400         rw !x
signature        0x00840000         0x00000400         rw !x
user_signatures  0x00850000         0x00000400         rw !x
*default*        0x00000000         0xffffffff

Linker script and memory map

Address of section .data set to 0x800100
LOAD c:/program files (x86)/atmel/atmel toolchain/avr8 gcc/native/3.4.1061/avr8-gnu-toolchain/bin/../lib/gcc/avr/4.8.1/../../../../avr/lib/avr5/crtm168pa.o
LOAD libs/relay.o
LOAD libs/servo.o
LOAD libs/timer.o
LOAD libs/vdrop.o
LOAD modbus/ascii/mbascii.o
LOAD modbus/functions/mbfunccoils.o
LOAD modbus/functions/mbfuncdiag.o
LOAD modbus/functions/mbfuncdisc.o
LOAD modbus/functions/mbfuncholding.o
LOAD modbus/functions/mbfuncinput.o
LOAD modbus/functions/mbfuncother.o
LOAD modbus/functions/mbutils.o
LOAD modbus/mb.o
LOAD modbus/rtu/mbcrc.o
LOAD modbus/rtu/mbrtu.o
LOAD modbus/tcp/mbtcp.o
LOAD port/mbcrc.o
LOAD port/portevent.o
LOAD port/portserial.o
LOAD port/porttimer.o
LOAD weiming_ctl3.o
START GROUP
LOAD c:/program files (x86)/atmel/atmel toolchain/avr8 gcc/native/3.4.1061/avr8-gnu-toolchain/bin/../lib/gcc/avr/4.8.1/../../../../avr/lib/avr5\libm.a
END GROUP
START GROUP
LOAD c:/program files (x86)/atmel/atmel toolchain/avr8 gcc/native/3.4.1061/avr8-gnu-toolchain/bin/../lib/gcc/avr/4.8.1/avr5\libgcc.a
LOAD c:/program files (x86)/atmel/atmel toolchain/avr8 gcc/native/3.4.1061/avr8-gnu-toolchain/bin/../lib/gcc/avr/4.8.1/../../../../avr/lib/avr5\libm.a
LOAD c:/program files (x86)/atmel/atmel toolchain/avr8 gcc/native/3.4.1061/avr8-gnu-toolchain/bin/../lib/gcc/avr/4.8.1/../../../../avr/lib/avr5\libc.a
END GROUP

.hash
 *(.hash)

.dynsym
 *(.dynsym)

.dynstr
 *(.dynstr)

.gnu.version
 *(.gnu.version)

.gnu.version_d
 *(.gnu.version_d)

.gnu.version_r
 *(.gnu.version_r)

.rel.init
 *(.rel.init)

.rela.init
 *(.rela.init)

.rel.text
 *(.rel.text)
 *(.rel.text.*)
 *(.rel.gnu.linkonce.t*)

.rela.text
 *(.rela.text)
 *(.rela.text.*)
 *(.rela.gnu.linkonce.t*)

.rel.fini
 *(.rel.fini)

.rela.fini
 *(.rela.fini)

.rel.rodata
 *(.rel.rodata)
 *(.rel.rodata.*)
 *(.rel.gnu.linkonce.r*)

.rela.rodata
 *(.rela.rodata)
 *(.rela.rodata.*)
 *(.rela.gnu.linkonce.r*)

.rel.data
 *(.rel.data)
 *(.rel.data.*)
 *(.rel.gnu.linkonce.d*)

.rela.data
 *(.rela.data)
 *(.rela.data.*)
 *(.rela.gnu.linkonce.d*)

.rel.ctors
 *(.rel.ctors)

.rela.ctors
 *(.rela.ctors)

.rel.dtors
 *(.rel.dtors)

.rela.dtors
 *(.rela.dtors)

.rel.got
 *(.rel.got)

.rela.got
 *(.rela.got)

.rel.bss
 *(.rel.bss)

.rela.bss
 *(.rela.bss)

.rel.plt
 *(.rel.plt)

.rela.plt
 *(.rela.plt)

.text           0x00000000     0x16b0
 *(.vectors)
 .vectors       0x00000000       0x68 c:/program files (x86)/atmel/atmel toolchain/avr8 gcc/native/3.4.1061/avr8-gnu-toolchain/bin/../lib/gcc/avr/4.8.1/../../../../avr/lib/avr5/crtm168pa.o
                0x00000000                __vector_default
                0x00000000                __vectors
 *(.vectors)
 *(.progmem.gcc*)
                0x00000068                . = ALIGN (0x2)
                0x00000068                __trampolines_start = .
 *(.trampolines)
 .trampolines   0x00000068        0x0 linker stubs
 *(.trampolines*)
                0x00000068                __trampolines_end = .
 *(.progmem*)
                0x00000068                . = ALIGN (0x2)
 *(.jumptables)
 *(.jumptables*)
 *(.lowtext)
 *(.lowtext*)
                0x00000068                __ctors_start = .
 *(.ctors)
                0x00000068                __ctors_end = .
                0x00000068                __dtors_start = .
 *(.dtors)
                0x00000068                __dtors_end = .
 SORT(*)(.ctors)
 SORT(*)(.dtors)
 *(.init0)
 .init0         0x00000068        0x0 c:/program files (x86)/atmel/atmel toolchain/avr8 gcc/native/3.4.1061/avr8-gnu-toolchain/bin/../lib/gcc/avr/4.8.1/../../../../avr/lib/avr5/crtm168pa.o
                0x00000068                __init
 *(.init0)
 *(.init1)
 *(.init1)
 *(.init2)
 .init2         0x00000068        0xc c:/program files (x86)/atmel/atmel toolchain/avr8 gcc/native/3.4.1061/avr8-gnu-toolchain/bin/../lib/gcc/avr/4.8.1/../../../../avr/lib/avr5/crtm168pa.o
 *(.init2)
 *(.init3)
 *(.init3)
 *(.init4)
 .init4         0x00000074       0x16 c:/program files (x86)/atmel/atmel toolchain/avr8 gcc/native/3.4.1061/avr8-gnu-toolchain/bin/../lib/gcc/avr/4.8.1/avr5\libgcc.a(_copy_data.o)
                0x00000074                __do_copy_data
 .init4         0x0000008a       0x10 c:/program files (x86)/atmel/atmel toolchain/avr8 gcc/native/3.4.1061/avr8-gnu-toolchain/bin/../lib/gcc/avr/4.8.1/avr5\libgcc.a(_clear_bss.o)
                0x0000008a                __do_clear_bss
 *(.init4)
 *(.init5)
 *(.init5)
 *(.init6)
 *(.init6)
 *(.init7)
 *(.init7)
 *(.init8)
 *(.init8)
 *(.init9)
 .init9         0x0000009a        0x8 c:/program files (x86)/atmel/atmel toolchain/avr8 gcc/native/3.4.1061/avr8-gnu-toolchain/bin/../lib/gcc/avr/4.8.1/../../../../avr/lib/avr5/crtm168pa.o
 *(.init9)
 *(.text)
 .text          0x000000a2        0x4 c:/program files (x86)/atmel/atmel toolchain/avr8 gcc/native/3.4.1061/avr8-gnu-toolchain/bin/../lib/gcc/avr/4.8.1/../../../../avr/lib/avr5/crtm168pa.o
                0x000000a2                __vector_22
                0x000000a2                __vector_24
                0x000000a2                __vector_12
                0x000000a2                __bad_interrupt
                0x000000a2                __vector_6
                0x000000a2                __vector_3
                0x000000a2                __vector_23
                0x000000a2                __vector_25
                0x000000a2                __vector_13
                0x000000a2                __vector_17
                0x000000a2                __vector_7
                0x000000a2                __vector_5
                0x000000a2                __vector_4
                0x000000a2                __vector_9
                0x000000a2                __vector_2
                0x000000a2                __vector_21
                0x000000a2                __vector_15
                0x000000a2                __vector_8
                0x000000a2                __vector_10
                0x000000a2                __vector_16
                0x000000a6                . = ALIGN (0x2)
 *(.text.*)
 .text.A_AutoDrop
                0x000000a6       0x40 libs/relay.o
                0x000000a6                A_AutoDrop
 .text.V_AutoDrop
                0x000000e6       0x48 libs/relay.o
                0x000000e6                V_AutoDrop
 .text.Relay_Init
                0x0000012e        0xe libs/relay.o
                0x0000012e                Relay_Init
 .text.Relay_Poll
                0x0000013c       0x5a libs/relay.o
                0x0000013c                Relay_Poll
 .text.Servo_AutoScan
                0x00000196       0x7c libs/servo.o
                0x00000196                Servo_AutoScan
 .text.Servo_Enable
                0x00000212        0x4 libs/servo.o
                0x00000212                Servo_Enable
 .text.Servo_Init
                0x00000216       0x16 libs/servo.o
                0x00000216                Servo_Init
 .text.Servo_SendPulse
                0x0000022c       0x6e libs/servo.o
                0x0000022c                Servo_SendPulse
 .text.Servo_SetPosition
                0x0000029a       0x54 libs/servo.o
                0x0000029a                Servo_SetPosition
 .text.Servo_Poll
                0x000002ee       0x96 libs/servo.o
                0x000002ee                Servo_Poll
 .text.Timer0_Init
                0x00000384       0x46 libs/timer.o
                0x00000384                Timer0_Init
 .text.__vector_14
                0x000003ca       0xca libs/timer.o
                0x000003ca                __vector_14
 .text.Timer0_RegisterCallBackFunction
                0x00000494       0xc2 libs/timer.o
                0x00000494                Timer0_RegisterCallBackFunction
 .text.Timer0_RemoveCallBackFunction
                0x00000556       0x84 libs/timer.o
                0x00000556                Timer0_RemoveCallBackFunction
 .text.VDrop_Init
                0x000005da       0x16 libs/vdrop.o
                0x000005da                VDrop_Init
 .text.VDrop_Event
                0x000005f0       0x12 libs/vdrop.o
                0x000005f0                VDrop_Event
 .text.__vector_1
                0x00000602       0x5c libs/vdrop.o
                0x00000602                __vector_1
 .text.eMBFuncReadCoils
                0x0000065e       0xd0 modbus/functions/mbfunccoils.o
                0x0000065e                eMBFuncReadCoils
 .text.eMBFuncWriteCoil
                0x0000072e       0x72 modbus/functions/mbfunccoils.o
                0x0000072e                eMBFuncWriteCoil
 .text.eMBFuncWriteMultipleCoils
                0x000007a0       0xac modbus/functions/mbfunccoils.o
                0x000007a0                eMBFuncWriteMultipleCoils
 .text.eMBFuncWriteHoldingRegister
                0x0000084c       0x3c modbus/functions/mbfuncholding.o
                0x0000084c                eMBFuncWriteHoldingRegister
 .text.eMBFuncWriteMultipleHoldingRegister
                0x00000888       0x80 modbus/functions/mbfuncholding.o
                0x00000888                eMBFuncWriteMultipleHoldingRegister
 .text.eMBFuncReadHoldingRegister
                0x00000908       0x90 modbus/functions/mbfuncholding.o
                0x00000908                eMBFuncReadHoldingRegister
 .text.eMBFuncReadWriteMultipleHoldingRegister
                0x00000998       0xf6 modbus/functions/mbfuncholding.o
                0x00000998                eMBFuncReadWriteMultipleHoldingRegister
 .text.eMBFuncReportSlaveID
                0x00000a8e       0x32 modbus/functions/mbfuncother.o
                0x00000a8e                eMBFuncReportSlaveID
 .text.xMBUtilSetBits
                0x00000ac0       0x78 modbus/functions/mbutils.o
                0x00000ac0                xMBUtilSetBits
 .text.xMBUtilGetBits
                0x00000b38       0x50 modbus/functions/mbutils.o
                0x00000b38                xMBUtilGetBits
 .text.prveMBError2Exception
                0x00000b88       0x1c modbus/functions/mbutils.o
                0x00000b88                prveMBError2Exception
 .text.eMBInit  0x00000ba4       0xba modbus/mb.o
                0x00000ba4                eMBInit
 .text.eMBEnable
                0x00000c5e       0x1e modbus/mb.o
                0x00000c5e                eMBEnable
 .text.eMBPoll  0x00000c7c      0x15c modbus/mb.o
                0x00000c7c                eMBPoll
 .text.usMBCRC16
                0x00000dd8       0x3c modbus/rtu/mbcrc.o
                0x00000dd8                usMBCRC16
 .text.eMBRTUInit
                0x00000e14       0x74 modbus/rtu/mbrtu.o
                0x00000e14                eMBRTUInit
 .text.eMBRTUStart
                0x00000e88       0x16 modbus/rtu/mbrtu.o
                0x00000e88                eMBRTUStart
 .text.eMBRTUStop
                0x00000e9e       0x12 modbus/rtu/mbrtu.o
                0x00000e9e                eMBRTUStop
 .text.eMBRTUReceive
                0x00000eb0       0x70 modbus/rtu/mbrtu.o
                0x00000eb0                eMBRTUReceive
 .text.eMBRTUSend
                0x00000f20       0x9e modbus/rtu/mbrtu.o
                0x00000f20                eMBRTUSend
 .text.xMBRTUReceiveFSM
                0x00000fbe       0xac modbus/rtu/mbrtu.o
                0x00000fbe                xMBRTUReceiveFSM
 .text.xMBRTUTransmitFSM
                0x0000106a       0x7c modbus/rtu/mbrtu.o
                0x0000106a                xMBRTUTransmitFSM
 .text.xMBRTUTimerT35Expired
                0x000010e6       0x36 modbus/rtu/mbrtu.o
                0x000010e6                xMBRTUTimerT35Expired
 .text.xMBPortEventInit
                0x0000111c        0x8 port/portevent.o
                0x0000111c                xMBPortEventInit
 .text.xMBPortEventPost
                0x00001124        0xe port/portevent.o
                0x00001124                xMBPortEventPost
 .text.xMBPortEventGet
                0x00001132       0x1c port/portevent.o
                0x00001132                xMBPortEventGet
 .text.vMBPortSerialEnable
                0x0000114e       0x3e port/portserial.o
                0x0000114e                vMBPortSerialEnable
 .text.xMBPortSerialInit
                0x0000118c       0x50 port/portserial.o
                0x0000118c                xMBPortSerialInit
 .text.xMBPortSerialPutByte
                0x000011dc        0x8 port/portserial.o
                0x000011dc                xMBPortSerialPutByte
 .text.xMBPortSerialGetByte
                0x000011e4        0xc port/portserial.o
                0x000011e4                xMBPortSerialGetByte
 .text.__vector_19
                0x000011f0       0x4e port/portserial.o
                0x000011f0                __vector_19
 .text.__vector_18
                0x0000123e       0x4e port/portserial.o
                0x0000123e                __vector_18
 .text.__vector_20
                0x0000128c       0x16 port/portserial.o
                0x0000128c                __vector_20
 .text.xMBPortTimersInit
                0x000012a2       0x42 port/porttimer.o
                0x000012a2                xMBPortTimersInit
 .text.__vector_11
                0x000012e4       0x4e port/porttimer.o
                0x000012e4                __vector_11
 .text.Sys_Init
                0x00001332       0xe6 weiming_ctl3.o
                0x00001332                Sys_Init
 .text.USR_IO_Init
                0x00001418        0xe weiming_ctl3.o
                0x00001418                USR_IO_Init
 .text.main     0x00001426       0x16 weiming_ctl3.o
                0x00001426                main
 .text.eMBRegCoilsCB
                0x0000143c       0xd6 weiming_ctl3.o
                0x0000143c                eMBRegCoilsCB
 .text.eMBRegHoldingCB
                0x00001512       0xc4 weiming_ctl3.o
                0x00001512                eMBRegHoldingCB
 .text.libgcc.div
                0x000015d6       0x44 c:/program files (x86)/atmel/atmel toolchain/avr8 gcc/native/3.4.1061/avr8-gnu-toolchain/bin/../lib/gcc/avr/4.8.1/avr5\libgcc.a(_udivmodsi4.o)
                0x000015d6                __udivmodsi4
 .text.libgcc.mul
                0x0000161a       0x1e c:/program files (x86)/atmel/atmel toolchain/avr8 gcc/native/3.4.1061/avr8-gnu-toolchain/bin/../lib/gcc/avr/4.8.1/avr5\libgcc.a(_umulhisi3.o)
                0x0000161a                __umulhisi3
 .text.avr-libc
                0x00001638       0x12 c:/program files (x86)/atmel/atmel toolchain/avr8 gcc/native/3.4.1061/avr8-gnu-toolchain/bin/../lib/gcc/avr/4.8.1/../../../../avr/lib/avr5\libc.a(memcpy.o)
                0x00001638                memcpy
 .text.avr-libc
                0x0000164a       0x10 c:/program files (x86)/atmel/atmel toolchain/avr8 gcc/native/3.4.1061/avr8-gnu-toolchain/bin/../lib/gcc/avr/4.8.1/../../../../avr/lib/avr5\libc.a(eerd_byte_atmega168pa.o)
                0x0000164a                __eerd_byte_m168pa
 .text.avr-libc
                0x0000165a        0xc c:/program files (x86)/atmel/atmel toolchain/avr8 gcc/native/3.4.1061/avr8-gnu-toolchain/bin/../lib/gcc/avr/4.8.1/../../../../avr/lib/avr5\libc.a(eerd_word_atmega168pa.o)
                0x0000165a                __eerd_word_m168pa
 .text.avr-libc
                0x00001666        0xa c:/program files (x86)/atmel/atmel toolchain/avr8 gcc/native/3.4.1061/avr8-gnu-toolchain/bin/../lib/gcc/avr/4.8.1/../../../../avr/lib/avr5\libc.a(eewr_word_atmega168pa.o)
                0x00001666                __eewr_word_m168pa
 .text.avr-libc
                0x00001670       0x20 c:/program files (x86)/atmel/atmel toolchain/avr8 gcc/native/3.4.1061/avr8-gnu-toolchain/bin/../lib/gcc/avr/4.8.1/../../../../avr/lib/avr5\libc.a(eerd_block_atmega168pa.o)
                0x00001670                __eerd_block_m168pa
                0x00001674                __eerd_blraw_m168pa
 .text.avr-libc
                0x00001690       0x1c c:/program files (x86)/atmel/atmel toolchain/avr8 gcc/native/3.4.1061/avr8-gnu-toolchain/bin/../lib/gcc/avr/4.8.1/../../../../avr/lib/avr5\libc.a(eewr_byte_atmega168pa.o)
                0x00001690                __eewr_byte_m168pa
                0x00001692                __eewr_r18_m168pa
                0x000016ac                . = ALIGN (0x2)
 *(.fini9)
 .fini9         0x000016ac        0x0 c:/program files (x86)/atmel/atmel toolchain/avr8 gcc/native/3.4.1061/avr8-gnu-toolchain/bin/../lib/gcc/avr/4.8.1/avr5\libgcc.a(_exit.o)
                0x000016ac                _exit
                0x000016ac                exit
 *(.fini9)
 *(.fini8)
 *(.fini8)
 *(.fini7)
 *(.fini7)
 *(.fini6)
 *(.fini6)
 *(.fini5)
 *(.fini5)
 *(.fini4)
 *(.fini4)
 *(.fini3)
 *(.fini3)
 *(.fini2)
 *(.fini2)
 *(.fini1)
 *(.fini1)
 *(.fini0)
 .fini0         0x000016ac        0x4 c:/program files (x86)/atmel/atmel toolchain/avr8 gcc/native/3.4.1061/avr8-gnu-toolchain/bin/../lib/gcc/avr/4.8.1/avr5\libgcc.a(_exit.o)
 *(.fini0)
                0x000016b0                _etext = .

.data           0x00800100      0x232 load address 0x000016b0
                0x00800100                PROVIDE (__data_start, .)
 *(.data)
 *(.data*)
 .data.pulse.1666
                0x00800100        0x1 libs/servo.o
 .data.xFuncHandlers
                0x00800101       0x30 modbus/mb.o
 .data.eMBState
                0x00800131        0x1 modbus/mb.o
 *(.rodata)
 *(.rodata*)
 .rodata.aucCRCLo
                0x00800132      0x100 modbus/rtu/mbcrc.o
 .rodata.aucCRCHi
                0x00800232      0x100 modbus/rtu/mbcrc.o
 *(.gnu.linkonce.d*)
                0x00800332                . = ALIGN (0x2)
                0x00800332                _edata = .
                0x00800332                PROVIDE (__data_end, .)

.bss            0x00800332      0x1c1
                0x00800332                PROVIDE (__bss_start, .)
 *(.bss)
 *(.bss*)
 .bss.count.1521
                0x00800332        0x1 libs/relay.o
 .bss.count.1517
                0x00800333        0x1 libs/relay.o
 .bss.directions.1665
                0x00800334        0x1 libs/servo.o
 .bss.Servo_ScanLimit
                0x00800335        0x2 libs/servo.o
                0x00800335                Servo_ScanLimit
 .bss.Servo_AutoFlag
                0x00800337        0x1 libs/servo.o
                0x00800337                Servo_AutoFlag
 .bss.tmp_counter.1513
                0x00800338        0x2 libs/timer.o
 .bss.usMBSlaveIDLen
                0x0080033a        0x2 modbus/functions/mbfuncother.o
 .bss.ucMBSlaveID
                0x0080033c       0x20 modbus/functions/mbfuncother.o
 .bss.eException.2013
                0x0080035c        0x1 modbus/mb.o
 .bss.ucFunctionCode.2011
                0x0080035d        0x1 modbus/mb.o
 .bss.usLength.2012
                0x0080035e        0x2 modbus/mb.o
 .bss.ucMBFrame.2009
                0x00800360        0x2 modbus/mb.o
 .bss.ucRcvAddress.2010
                0x00800362        0x1 modbus/mb.o
 .bss.pvMBFrameCloseCur
                0x00800363        0x2 modbus/mb.o
 .bss.peMBFrameReceiveCur
                0x00800365        0x2 modbus/mb.o
 .bss.pvMBFrameStopCur
                0x00800367        0x2 modbus/mb.o
 .bss.pvMBFrameStartCur
                0x00800369        0x2 modbus/mb.o
 .bss.peMBFrameSendCur
                0x0080036b        0x2 modbus/mb.o
 .bss.eMBCurrentMode
                0x0080036d        0x1 modbus/mb.o
 .bss.ucMBAddress
                0x0080036e        0x1 modbus/mb.o
 .bss.usRcvBufferPos
                0x0080036f        0x2 modbus/rtu/mbrtu.o
 .bss.usSndBufferCount
                0x00800371        0x2 modbus/rtu/mbrtu.o
 .bss.pucSndBufferCur
                0x00800373        0x2 modbus/rtu/mbrtu.o
 .bss.eRcvState
                0x00800375        0x1 modbus/rtu/mbrtu.o
 .bss.eSndState
                0x00800376        0x1 modbus/rtu/mbrtu.o
 .bss.xEventInQueue
                0x00800377        0x1 port/portevent.o
 .bss.eQueuedEvent
                0x00800378        0x1 port/portevent.o
 .bss.usTimerOCRADelta
                0x00800379        0x2 port/porttimer.o
 *(COMMON)
 COMMON         0x0080037b        0x2 libs/servo.o
                0x0080037b                ServoPositionBuffer
 COMMON         0x0080037d       0x1c libs/timer.o
                0x0080037d                CountDownTimers
                0x00800381                EventList
 COMMON         0x00800399        0xa modbus/mb.o
                0x00800399                pxMBFrameCBTransmitterEmpty
                0x0080039b                pxMBPortCBTimerExpired
                0x0080039d                pxMBFrameCBByteReceived
                0x0080039f                pxMBFrameCBTransmitFSMCur
                0x008003a1                pxMBFrameCBReceiveFSMCur
 COMMON         0x008003a3      0x100 modbus/rtu/mbrtu.o
                0x008003a3                ucRTUBuf
 COMMON         0x008004a3       0x50 weiming_ctl3.o
                0x008004a3                ucHoldingBuf
                0x008004e3                ucRegCoilsBuf
                0x008004f3                PROVIDE (__bss_end, .)
                0x000016b0                __data_load_start = LOADADDR (.data)
                0x000018e2                __data_load_end = (__data_load_start + SIZEOF (.data))

.noinit         0x008004f3        0x0
                0x008004f3                PROVIDE (__noinit_start, .)
 *(.noinit*)
                0x008004f3                PROVIDE (__noinit_end, .)
                0x008004f3                _end = .
                0x008004f3                PROVIDE (__heap_start, .)

.eeprom         0x00810000        0x0
 *(.eeprom*)
                0x00810000                __eeprom_end = .

.fuse
 *(.fuse)
 *(.lfuse)
 *(.hfuse)
 *(.efuse)

.lock
 *(.lock*)

.signature
 *(.signature*)

.user_signatures
 *(.user_signatures*)

.stab
 *(.stab)

.stabstr
 *(.stabstr)

.stab.excl
 *(.stab.excl)

.stab.exclstr
 *(.stab.exclstr)

.stab.index
 *(.stab.index)

.stab.indexstr
 *(.stab.indexstr)

.comment        0x00000000       0x30
 *(.comment)
 .comment       0x00000000       0x30 libs/relay.o
                                 0x31 (size before relaxing)
 .comment       0x00000000       0x31 libs/servo.o
 .comment       0x00000000       0x31 libs/timer.o
 .comment       0x00000000       0x31 libs/vdrop.o
 .comment       0x00000000       0x31 modbus/functions/mbfunccoils.o
 .comment       0x00000000       0x31 modbus/functions/mbfuncholding.o
 .comment       0x00000000       0x31 modbus/functions/mbfuncother.o
 .comment       0x00000000       0x31 modbus/functions/mbutils.o
 .comment       0x00000000       0x31 modbus/mb.o
 .comment       0x00000000       0x31 modbus/rtu/mbcrc.o
 .comment       0x00000000       0x31 modbus/rtu/mbrtu.o
 .comment       0x00000000       0x31 port/portevent.o
 .comment       0x00000000       0x31 port/portserial.o
 .comment       0x00000000       0x31 port/porttimer.o
 .comment       0x00000000       0x31 weiming_ctl3.o

.note.gnu.build-id
 *(.note.gnu.build-id)

.debug
 *(.debug)

.line
 *(.line)

.debug_srcinfo
 *(.debug_srcinfo)

.debug_sfnames
 *(.debug_sfnames)

.debug_aranges  0x00000000      0x390
 *(.debug_aranges)
 .debug_aranges
                0x00000000       0x38 libs/relay.o
 .debug_aranges
                0x00000038       0x58 libs/servo.o
 .debug_aranges
                0x00000090       0x58 libs/timer.o
 .debug_aranges
                0x000000e8       0x30 libs/vdrop.o
 .debug_aranges
                0x00000118       0x30 modbus/functions/mbfunccoils.o
 .debug_aranges
                0x00000148       0x38 modbus/functions/mbfuncholding.o
 .debug_aranges
                0x00000180       0x28 modbus/functions/mbfuncother.o
 .debug_aranges
                0x000001a8       0x30 modbus/functions/mbutils.o
 .debug_aranges
                0x000001d8       0x48 modbus/mb.o
 .debug_aranges
                0x00000220       0x20 modbus/rtu/mbcrc.o
 .debug_aranges
                0x00000240       0x58 modbus/rtu/mbrtu.o
 .debug_aranges
                0x00000298       0x30 port/portevent.o
 .debug_aranges
                0x000002c8       0x50 port/portserial.o
 .debug_aranges
                0x00000318       0x28 port/porttimer.o
 .debug_aranges
                0x00000340       0x50 weiming_ctl3.o

.debug_pubnames
 *(.debug_pubnames)

.debug_info     0x00000000     0x322a
 *(.debug_info .gnu.linkonce.wi.*)
 .debug_info    0x00000000      0x233 libs/relay.o
 .debug_info    0x00000233      0x438 libs/servo.o
 .debug_info    0x0000066b      0x2cf libs/timer.o
 .debug_info    0x0000093a      0x191 libs/vdrop.o
 .debug_info    0x00000acb      0x3cb modbus/functions/mbfunccoils.o
 .debug_info    0x00000e96      0x49d modbus/functions/mbfuncholding.o
 .debug_info    0x00001333      0x2b8 modbus/functions/mbfuncother.o
 .debug_info    0x000015eb      0x289 modbus/functions/mbutils.o
 .debug_info    0x00001874      0x6f6 modbus/mb.o
 .debug_info    0x00001f6a      0x140 modbus/rtu/mbcrc.o
 .debug_info    0x000020aa      0x6b1 modbus/rtu/mbrtu.o
 .debug_info    0x0000275b      0x15b port/portevent.o
 .debug_info    0x000028b6      0x25c port/portserial.o
 .debug_info    0x00002b12      0x12a port/porttimer.o
 .debug_info    0x00002c3c      0x5ee weiming_ctl3.o

.debug_abbrev   0x00000000     0x1255
 *(.debug_abbrev)
 .debug_abbrev  0x00000000      0x10f libs/relay.o
 .debug_abbrev  0x0000010f      0x1e9 libs/servo.o
 .debug_abbrev  0x000002f8      0x141 libs/timer.o
 .debug_abbrev  0x00000439      0x13b libs/vdrop.o
 .debug_abbrev  0x00000574      0x106 modbus/functions/mbfunccoils.o
 .debug_abbrev  0x0000067a      0x101 modbus/functions/mbfuncholding.o
 .debug_abbrev  0x0000077b       0xf7 modbus/functions/mbfuncother.o
 .debug_abbrev  0x00000872       0xf1 modbus/functions/mbutils.o
 .debug_abbrev  0x00000963      0x21b modbus/mb.o
 .debug_abbrev  0x00000b7e       0xa4 modbus/rtu/mbcrc.o
 .debug_abbrev  0x00000c22      0x1c4 modbus/rtu/mbrtu.o
 .debug_abbrev  0x00000de6       0xbb port/portevent.o
 .debug_abbrev  0x00000ea1      0x11c port/portserial.o
 .debug_abbrev  0x00000fbd       0xdb port/porttimer.o
 .debug_abbrev  0x00001098      0x1bd weiming_ctl3.o

.debug_line     0x00000000     0x1417
 *(.debug_line .debug_line.* .debug_line_end)
 .debug_line    0x00000000      0x10b libs/relay.o
 .debug_line    0x0000010b      0x20a libs/servo.o
 .debug_line    0x00000315      0x18d libs/timer.o
 .debug_line    0x000004a2      0x1cd libs/vdrop.o
 .debug_line    0x0000066f      0x11c modbus/functions/mbfunccoils.o
 .debug_line    0x0000078b      0x151 modbus/functions/mbfuncholding.o
 .debug_line    0x000008dc      0x12b modbus/functions/mbfuncother.o
 .debug_line    0x00000a07       0xd2 modbus/functions/mbutils.o
 .debug_line    0x00000ad9      0x1a9 modbus/mb.o
 .debug_line    0x00000c82       0x62 modbus/rtu/mbcrc.o
 .debug_line    0x00000ce4      0x172 modbus/rtu/mbrtu.o
 .debug_line    0x00000e56       0x95 port/portevent.o
 .debug_line    0x00000eeb      0x151 port/portserial.o
 .debug_line    0x0000103c       0xf7 port/porttimer.o
 .debug_line    0x00001133      0x2e4 weiming_ctl3.o

.debug_frame    0x00000000      0x888
 *(.debug_frame)
 .debug_frame   0x00000000       0x54 libs/relay.o
 .debug_frame   0x00000054       0x94 libs/servo.o
 .debug_frame   0x000000e8       0xfc libs/timer.o
 .debug_frame   0x000001e4       0x8c libs/vdrop.o
 .debug_frame   0x00000270       0x70 modbus/functions/mbfunccoils.o
 .debug_frame   0x000002e0       0x9c modbus/functions/mbfuncholding.o
 .debug_frame   0x0000037c       0x54 modbus/functions/mbfuncother.o
 .debug_frame   0x000003d0       0x54 modbus/functions/mbutils.o
 .debug_frame   0x00000424       0xa0 modbus/mb.o
 .debug_frame   0x000004c4       0x24 modbus/rtu/mbcrc.o
 .debug_frame   0x000004e8       0xf0 modbus/rtu/mbrtu.o
 .debug_frame   0x000005d8       0x44 port/portevent.o
 .debug_frame   0x0000061c      0x120 port/portserial.o
 .debug_frame   0x0000073c       0x7c port/porttimer.o
 .debug_frame   0x000007b8       0xd0 weiming_ctl3.o

.debug_str      0x00000000     0x10c5
 *(.debug_str)
 .debug_str     0x00000000      0x203 libs/relay.o
                                0x237 (size before relaxing)
 .debug_str     0x00000203      0x135 libs/servo.o
                                0x30c (size before relaxing)
 .debug_str     0x00000338      0x107 libs/timer.o
                                0x2cb (size before relaxing)
 .debug_str     0x0000043f       0x45 libs/vdrop.o
                                0x1ec (size before relaxing)
 .debug_str     0x00000484      0x2a3 modbus/functions/mbfunccoils.o
                                0x3fc (size before relaxing)
 .debug_str     0x00000727      0x127 modbus/functions/mbfuncholding.o
                                0x46b (size before relaxing)
 .debug_str     0x0000084e       0xa6 modbus/functions/mbfuncother.o
                                0x390 (size before relaxing)
 .debug_str     0x000008f4       0x9e modbus/functions/mbutils.o
                                0x386 (size before relaxing)
 .debug_str     0x00000992      0x31b modbus/mb.o
                                0x624 (size before relaxing)
 .debug_str     0x00000cad       0x39 modbus/rtu/mbcrc.o
                                0x1db (size before relaxing)
 .debug_str     0x00000ce6      0x21c modbus/rtu/mbrtu.o
                                0x4ef (size before relaxing)
 .debug_str     0x00000f02       0x3e port/portevent.o
                                0x22a (size before relaxing)
 .debug_str     0x00000f40       0x6f port/portserial.o
                                0x2ce (size before relaxing)
 .debug_str     0x00000faf       0x55 port/porttimer.o
                                0x214 (size before relaxing)
 .debug_str     0x00001004       0xc1 weiming_ctl3.o
                                0x400 (size before relaxing)

.debug_loc      0x00000000     0x32e6
 *(.debug_loc)
 .debug_loc     0x00000000       0x35 libs/relay.o
 .debug_loc     0x00000035      0x181 libs/servo.o
 .debug_loc     0x000001b6      0x55c libs/timer.o
 .debug_loc     0x00000712       0xcb libs/vdrop.o
 .debug_loc     0x000007dd      0x682 modbus/functions/mbfunccoils.o
 .debug_loc     0x00000e5f      0x8ae modbus/functions/mbfuncholding.o
 .debug_loc     0x0000170d      0x246 modbus/functions/mbfuncother.o
 .debug_loc     0x00001953      0x32b modbus/functions/mbutils.o
 .debug_loc     0x00001c7e      0x499 modbus/mb.o
 .debug_loc     0x00002117      0x163 modbus/rtu/mbcrc.o
 .debug_loc     0x0000227a      0x4fb modbus/rtu/mbrtu.o
 .debug_loc     0x00002775       0x9f port/portevent.o
 .debug_loc     0x00002814      0x2c8 port/portserial.o
 .debug_loc     0x00002adc       0xf1 port/porttimer.o
 .debug_loc     0x00002bcd      0x719 weiming_ctl3.o

.debug_macinfo
 *(.debug_macinfo)

.debug_weaknames
 *(.debug_weaknames)

.debug_funcnames
 *(.debug_funcnames)

.debug_typenames
 *(.debug_typenames)

.debug_varnames
 *(.debug_varnames)

.debug_pubtypes
 *(.debug_pubtypes)

.debug_ranges   0x00000000      0x2a0
 *(.debug_ranges)
 .debug_ranges  0x00000000       0x28 libs/relay.o
 .debug_ranges  0x00000028       0x48 libs/servo.o
 .debug_ranges  0x00000070       0x48 libs/timer.o
 .debug_ranges  0x000000b8       0x20 libs/vdrop.o
 .debug_ranges  0x000000d8       0x20 modbus/functions/mbfunccoils.o
 .debug_ranges  0x000000f8       0x28 modbus/functions/mbfuncholding.o
 .debug_ranges  0x00000120       0x18 modbus/functions/mbfuncother.o
 .debug_ranges  0x00000138       0x20 modbus/functions/mbutils.o
 .debug_ranges  0x00000158       0x38 modbus/mb.o
 .debug_ranges  0x00000190       0x10 modbus/rtu/mbcrc.o
 .debug_ranges  0x000001a0       0x48 modbus/rtu/mbrtu.o
 .debug_ranges  0x000001e8       0x20 port/portevent.o
 .debug_ranges  0x00000208       0x40 port/portserial.o
 .debug_ranges  0x00000248       0x18 port/porttimer.o
 .debug_ranges  0x00000260       0x40 weiming_ctl3.o

.debug_macro
 *(.debug_macro)
OUTPUT(weiming_ctl3.elf elf32-avr)
LOAD linker stubs
